{"timestamp":"2026-08-30T08:02:19.361Z","event":"analysis_start","recId":"9eb0f8e9-06e4-49d6-b3f8-ffc17d24953d","fileName":"Ekadantam.mp3","source":"upload"}
{"timestamp":"2026-08-30T08:05:07.711Z","event":"analysis_start","recId":"1c8b6f38-a806-4ffc-a3e8-de58c75704a0","fileName":"Ekadantam.mp3","source":"upload"}
{"timestamp":"2026-08-30T08:06:41.785Z","event":"pitch_extraction","totalFrames":24714,"sampleRate":22050,"voicedFrames":24527}
{"timestamp":"2026-08-30T08:06:41.807Z","event":"scale_detection","detectedSemis":[0,1,2,3,4,5,6,7,9,10,11],"chromaPeak":3685.23200251589,"threshold":0.2}
{"timestamp":"2026-08-30T08:06:41.959Z","event":"fusion_complete","candidateCount":2,"agreementMap":{"rasikapriyA":[{"source":"file","score":0.217}],"hEmaavati":[{"source":"scale","score":0.70664}]},"bestLabel":"hEmaavati","finalScore":0.707}
{"timestamp":"2026-08-30T08:06:41.997Z","event":"aroha_avaroha","detectedAroha":"S R2 G2 M2 P D2 N2","detectedAvaroha":"N2 D2 P M2 G2 R2 S","fallbackAroha":"S R2 G2 M2 P D2 N2","fallbackAvaroha":"N2 D2 P M2 G2 R2 S"}
{"timestamp":"2026-08-30T08:06:42.131Z","event":"tempo_detection","bpm":161,"confidence":0.4,"votes":[161,161,172]}
{"timestamp":"2026-08-30T08:06:42.288Z","event":"tala_detection","name":"Tisra Jati Eka Tala","detectedBeats":3,"cycleVotes":[3,3,6],"confidence":0.667,"consistency":0.6666666666666666}
{"timestamp":"2026-08-30T08:06:43.784Z","event":"instrument_fusion","spectralFeatures":{"lowRatio":0.04517427445139962,"midRatio":0.31774222623393367,"highRatio":0.6370834993146497,"zcr":0.05929257019176309,"spectralCentroid":5475.197197140166,"spectralRolloff":-0.14285714285714285,"spectralFlux":6.790222791355519},"detected":[{"name":"mixed","score":0.5,"reason":"no_strong_indicators"}]}
{"timestamp":"2026-08-30T08:08:12.530Z","event":"metadata_extracted","fileName":"bfa3bf6f0e4d524fea7fd999e350d6a8","detectedAt":"2026-08-30T08:08:12.530Z","processingVersion":"3.2.0","audio":{"duration":573.96,"sampleRate":22050,"channels":1},"analysis":{"raga":"hEmaavati","tala":"Tisra Jati Eka Tala","tempo":161,"confidence":0.707},"tags":["raga:hEmaavati","tala:Tisra Jati Eka Tala"]}
{"timestamp":"2026-08-30T08:08:12.560Z","event":"analysis_complete","recId":"1c8b6f38-a806-4ffc-a3e8-de58c75704a0","raga":"hEmaavati","tala":"Tisra Jati Eka Tala","confidence":0.707}
{"timestamp":"2026-08-30T13:01:43.564Z","event":"analysis_start","recId":"88b10299-6019-4b93-9d29-aecf0440ca84","fileName":"Ekadantam.mp3","source":"upload"}
{"timestamp":"2026-08-30T13:02:16.039Z","event":"pitch_extraction","totalFrames":24714,"sampleRate":22050,"voicedFrames":24527}
{"timestamp":"2026-08-30T13:02:16.047Z","event":"scale_detection","detectedSemis":[0,1,2,3,4,5,6,7,9,10,11],"chromaPeak":3685.23200251589,"threshold":0.2}
{"timestamp":"2026-08-30T13:02:16.127Z","event":"fusion_complete","candidateCount":2,"agreementMap":{"bilahari":[{"source":"file","score":0.9309999999999999}],"hEmaavati":[{"source":"scale","score":0.70664}]},"bestLabel":"bilahari","finalScore":0.931}
{"timestamp":"2026-08-30T13:02:16.140Z","event":"aroha_avaroha","detectedAroha":"S R2 G3 M1 P D2 N3","detectedAvaroha":"N3 D2 P M1 G3 R2 S","fallbackAroha":"S R2 G3 M1 P D2 N3","fallbackAvaroha":"N3 D2 P M1 G3 R2 S"}
{"timestamp":"2026-08-30T13:02:16.189Z","event":"tempo_detection","bpm":161,"confidence":0.4,"votes":[161,161,172]}
{"timestamp":"2026-08-30T13:02:16.257Z","event":"tala_detection","name":"Tisra Jati Eka Tala","detectedBeats":3,"cycleVotes":[3,3,6],"confidence":0.667,"consistency":0.6666666666666666}
{"timestamp":"2026-08-30T13:02:16.911Z","event":"instrument_fusion","spectralFeatures":{"lowRatio":0.04517427445139962,"midRatio":0.31774222623393367,"highRatio":0.6370834993146497,"zcr":0.05929257019176309,"spectralCentroid":5475.197197140166,"spectralRolloff":-0.14285714285714285,"spectralFlux":6.790222791355519},"detected":[{"name":"mixed","score":0.5,"reason":"no_strong_indicators"}]}
{"timestamp":"2026-08-30T13:02:49.365Z","event":"metadata_extracted","fileName":"02260f5fb67911a57a407b0ac61d1c84","detectedAt":"2026-08-30T13:02:49.365Z","processingVersion":"3.2.0","audio":{"duration":573.96,"sampleRate":22050,"channels":1},"analysis":{"raga":"bilahari","tala":"Tisra Jati Eka Tala","tempo":161,"confidence":0.931},"tags":["raga:bilahari","tala:Tisra Jati Eka Tala"]}
{"timestamp":"2026-08-30T13:02:49.376Z","event":"analysis_complete","recId":"88b10299-6019-4b93-9d29-aecf0440ca84","raga":"bilahari","tala":"Tisra Jati Eka Tala","confidence":0.931}
{"timestamp":"2026-08-30T17:03:55.502Z","event":"analysis_start","recId":"5a6e7e93-caef-4563-b8d5-2a13074d6ad0","fileName":"Ekadantam.mp3","source":"upload"}
{"timestamp":"2026-08-30T17:08:58.126Z","event":"analysis_start","recId":"fcdb7c6e-0576-4b08-a81c-f34c8934d960","fileName":"Ekadantam.mp3","source":"upload"}
{"timestamp":"2026-08-30T17:08:59.023Z","event":"composition_match","fileName":"Ekadantam.mp3","raga":"bilahari","tala":"Misra Chapu","composer":"Muttuswaamee Dikshitar","aroha":"S R2 G3 P D2 S","avaroha":"S N3 D2 P M1 G3 R2 S"}
{"timestamp":"2026-08-30T17:09:08.310Z","event":"pitch_extraction","totalFrames":7747,"sampleRate":22050,"voicedFrames":7673}
{"timestamp":"2026-08-30T17:09:08.312Z","event":"scale_detection","detectedSemis":[2,3,4,5,6,9,10,11],"chromaPeak":1333.9325849960057,"threshold":0.2}
{"timestamp":"2026-08-30T17:09:08.314Z","event":"fusion_override","reason":"composition_match","raga":"bilahari"}
{"timestamp":"2026-08-30T17:09:08.314Z","event":"aroha_avaroha","source":"composition_db","aroha":"S R2 G3 P D2 S","avaroha":"S N3 D2 P M1 G3 R2 S"}
{"timestamp":"2026-08-30T17:09:08.358Z","event":"tempo_detection","bpm":161,"confidence":0.4,"votes":[161,161,172]}
{"timestamp":"2026-08-30T17:09:08.420Z","event":"tala_detection","name":"Tisra Jati Eka Tala","detectedBeats":3,"cycleVotes":[3,3,6],"confidence":0.667,"consistency":0.6666666666666666}
{"timestamp":"2026-08-30T17:09:09.013Z","event":"instrument_fusion","spectralFeatures":{"lowRatio":0.04517427445139962,"midRatio":0.31774222623393367,"highRatio":0.6370834993146497,"zcr":0.05929257019176309,"spectralCentroid":5475.197197140166,"spectralRolloff":-0.14285714285714285,"spectralFlux":6.790222791355519},"detected":[{"name":"mixed","score":0.5,"reason":"no_strong_indicators"}]}
{"timestamp":"2026-08-30T17:10:29.080Z","event":"metadata_extracted","fileName":"f4c4ad4afec1095c5775ce8e0c908f36","detectedAt":"2026-08-30T17:10:29.080Z","processingVersion":"3.2.1","audio":{"duration":573.96,"sampleRate":22050,"channels":1},"analysis":{"raga":"bilahari","tala":"Tisra Jati Eka Tala","tempo":161,"confidence":0.99},"tags":["raga:bilahari","tala:Tisra Jati Eka Tala"]}
{"timestamp":"2026-08-30T17:10:29.090Z","event":"analysis_complete","recId":"fcdb7c6e-0576-4b08-a81c-f34c8934d960","raga":"bilahari","tala":"Tisra Jati Eka Tala","confidence":0.99,"processingTime":90948,"compositionMatched":true}
